// Jest Snapshot v1, https://goo.gl/fbAQLP

exports[`AskChangeEditor matches snapshot 1`] = `<div />`;
