// Jest Snapshot v1, https://goo.gl/fbAQLP

exports[`PublishPrivacySettings matches snapshot 1`] = `
<div>
  <section
    class="sc-bwzfXH difkFg sc-bdVaJa bfthOh"
  >
    <h3>
      공개 설정
    </h3>
    <div
      class="contents"
    >
      <button
        class="sc-htpNat jSLHvc"
      >
        <svg>
          icon-globe.svg
        </svg>
        전체 공개
      </button>
      <button
        class="sc-htpNat itBopW"
      >
        <svg>
          icon-lock.svg
        </svg>
        나만 보기
      </button>
    </div>
  </section>
</div>
`;
