// Jest Snapshot v1, https://goo.gl/fbAQLP

exports[`PublishScreenTemplate matches snapshot 1`] = `
<div>
  <div
    class="sc-bdVaJa jpEzf"
  >
    <div
      class="sc-bwzfXH hVLrlj"
    >
      <div
        class="sc-htpNat iigZIp"
      >
        left
      </div>
      <div
        class="sc-ifAKCX eHlNNW"
      />
      <div
        class="sc-bxivhb kmtPux"
      >
        right
      </div>
    </div>
  </div>
</div>
`;
