// Jest Snapshot v1, https://goo.gl/fbAQLP

exports[`TagInput matches snapshot 1`] = `
<div>
  <div
    class="sc-bdVaJa boasyp"
  >
    <div
      class="sc-bwzfXH igqpWL"
      contenteditable="true"
      placeholder="태그를 입력하세요"
      tabindex="2"
    />
    <div
      class="sc-bxivhb eEhKMx"
    >
      <div
        class="inside"
      >
        쉼표 혹은 엔터를 입력하여 태그를 등록 할 수 있습니다.
        <br />
        등록된 태그를 클릭하면 삭제됩니다.
      </div>
    </div>
  </div>
</div>
`;
