// Jest Snapshot v1, https://goo.gl/fbAQLP

exports[`HeaderUserIcon matches snapshot 1`] = `
<div>
  <div
    class="sc-bdVaJa htwiTs"
  >
    <img
      alt="thumbnail"
      src="default_thumbnail.png"
    />
    <svg
      fill="currentColor"
      height="1em"
      stroke="currentColor"
      stroke-width="0"
      viewBox="0 0 24 24"
      width="1em"
      xmlns="http://www.w3.org/2000/svg"
    >
      <path
        d="M7 10l5 5 5-5z"
      />
    </svg>
  </div>
</div>
`;
