// Jest Snapshot v1, https://goo.gl/fbAQLP

exports[`AuthForm renders correctly 1`] = `
<div>
  <div
    class="sc-bxivhb ctZEFR"
  >
    <div>
      <h2
        data-testid="title"
      >
        회원가입
      </h2>
      <section>
        <h4>
          이메일로 
          회원가입
        </h4>
        <form
          class="sc-bdVaJa kaHBVA"
        >
          <input
            placeholder="이메일을 입력하세요."
            tabindex="2"
            value=""
          />
          <button
            tabindex="3"
          >
            회원가입
          </button>
        </form>
      </section>
      <section>
        <h4>
          소셜 계정으로 
          회원가입
        </h4>
        <div
          class="sc-htpNat gNrJqv"
        >
          <button
            class="sc-bwzfXH ggDXRg"
            style="background: rgb(39, 46, 51);"
            tabindex="4"
          >
            <svg>
              github.svg
            </svg>
          </button>
          <button
            class="sc-bwzfXH fSrJCx"
            style="background: white;"
            tabindex="5"
          >
            <svg>
              google.svg
            </svg>
          </button>
          <button
            class="sc-bwzfXH ggDXRg"
            style="background: rgb(59, 89, 152);"
            tabindex="6"
          >
            <svg>
              facebook.svg
            </svg>
          </button>
        </div>
      </section>
    </div>
    <div
      class="foot"
    >
      <span>
        계정이 이미 있으신가요?
      </span>
      <a
        tabindex="7"
      >
        로그인
      </a>
    </div>
  </div>
</div>
`;
