// Jest Snapshot v1, https://goo.gl/fbAQLP

exports[`AuthForm renders correctly 1`] = `<div />`;
