// Jest Snapshot v1, https://goo.gl/fbAQLP

exports[`ConfigLoader matches snapshot 1`] = `
<div>
  <div>
    SONGC
  </div>
</div>
`;
