// Jest Snapshot v1, https://goo.gl/fbAQLP

exports[`RegisterTemplate matches snapshot 1`] = `
<div>
  <div
    class="sc-bdVaJa fRsswd"
  >
    <h1>
      <svg>
        register.svg
      </svg>
    </h1>
    <div
      class="contents"
    />
  </div>
</div>
`;
